// Jest Snapshot v1, https://goo.gl/fbAQLP

exports[`Home page matches snapshot 1`] = `
<DocumentFragment>
  <div
    class="container"
  >
    <main>
      <div>
        <h1>
          2 Step 1
        </h1>
        <div>
          <h2>
            lf
          </h2>
        </div>
      </div>
      <div>
        <h1>
          Lose Control
        </h1>
        <div>
          <h2>
            test_11_05_2021
          </h2>
        </div>
      </div>
      <div>
        <h1>
          Disconnected World
        </h1>
        <div>
          <h2>
            test_11_05_2021
          </h2>
        </div>
      </div>
      <div>
        <h1>
          mix
        </h1>
        <div>
          <h2>
            aarelxuxmn
          </h2>
        </div>
      </div>
      <div>
        <h1>
          Luv Me
        </h1>
        <div>
          <h2>
            test_11_05_2021
          </h2>
        </div>
      </div>
      <div>
        <h1>
          Time Traveller
        </h1>
        <div>
          <h2>
            test_11_05_2021
          </h2>
        </div>
      </div>
      <div>
        <h1>
          Lean On Me
        </h1>
        <div>
          <h2>
            test_11_05_2021
          </h2>
        </div>
      </div>
      <div>
        <h1>
          Wonderland
        </h1>
        <div>
          <h2>
            test_11_05_2021
          </h2>
        </div>
      </div>
      <div>
        <h1>
          World Anthems
        </h1>
        <div>
          <h2>
            test_11_05_2021
          </h2>
        </div>
      </div>
      <div>
        <h1>
          Close Tonight
        </h1>
        <div>
          <h2>
            test_11_05_2021
          </h2>
        </div>
      </div>
    </main>
    <footer />
  </div>
</DocumentFragment>
`;
